main.c:86:6:prepareBuffer	24	static
main.c:97:6:HAL_UARTEx_RxEventCallback	16	static
main.c:116:9:read_Speed	40	static
main.c:155:5:main	8	static
main.c:222:6:SystemClock_Config	72	static
main.c:262:13:MX_IWDG_Init	8	static
main.c:290:13:MX_TIM1_Init	56	static
main.c:340:13:MX_TIM2_Init	56	static
main.c:389:13:MX_TIM3_Init	56	static
main.c:438:13:MX_TIM4_Init	56	static
main.c:487:13:MX_USART2_UART_Init	8	static
main.c:518:13:MX_DMA_Init	16	static
main.c:536:13:MX_GPIO_Init	40	static
main.c:589:6:Error_Handler	4	static,ignoring_inline_asm
