main.c:86:6:prepareBuffer	24	static
main.c:97:6:HAL_UARTEx_RxEventCallback	16	static
main.c:116:9:read_Speed	40	static
main.c:155:5:main	8	static
main.c:224:6:SystemClock_Config	72	static
main.c:264:13:MX_IWDG_Init	8	static
main.c:292:13:MX_TIM1_Init	56	static
main.c:342:13:MX_TIM2_Init	56	static
main.c:391:13:MX_TIM3_Init	56	static
main.c:440:13:MX_TIM4_Init	56	static
main.c:489:13:MX_USART2_UART_Init	8	static
main.c:520:13:MX_DMA_Init	16	static
main.c:538:13:MX_GPIO_Init	40	static
main.c:591:6:Error_Handler	4	static,ignoring_inline_asm
