main.c:82:6:HAL_UARTEx_RxEventCallback	24	static
main.c:107:6:initCtrlMotor	4	static
main.c:130:6:constrain	24	static
main.c:137:9:calcPD	24	static
main.c:160:6:ctrlMotor	24	static
main.c:192:5:main	8	static
main.c:263:6:SystemClock_Config	72	static
main.c:303:13:MX_IWDG_Init	8	static
main.c:331:13:MX_TIM1_Init	80	static
main.c:408:13:MX_TIM2_Init	32	static
main.c:453:13:MX_USART2_UART_Init	8	static
main.c:484:13:MX_DMA_Init	16	static
main.c:502:13:MX_GPIO_Init	40	static
main.c:531:6:Error_Handler	4	static,ignoring_inline_asm
